created graph g1
added node n1 to g1
added node n2 to g1
added edge COOLEDGE from n1 to n2 in g1
added edge COOLEDGE2 from n1 to n2 in g1
added edge COOLEDGE3 from n1 to n2 in g1
added edge COOLEDGE4 from n1 to n2 in g1
added edge COOLEDGE5 from n1 to n2 in g1
added edge COOLEDGE6 from n1 to n2 in g1
added edge COOLEDGE7 from n1 to n2 in g1
added edge COOLEDGE8 from n1 to n2 in g1
added edge COOLEDGE9 from n1 to n2 in g1
added edge COOLEDGE10 from n1 to n2 in g1
